\BOOKMARK [0][-]{chapter*.1}{\376\377\000R\000e\000s\000u\000m\000e\000n}{}% 1
\BOOKMARK [0][-]{chapter.1}{\376\377\000P\000r\000e\000f\000a\000c\000i\000o\000:\000\040\000p\000o\000r\000\040\000q\000u\000\351\000\040\000l\000a\000\040\000e\000c\000o\000n\000o\000m\000\355\000a\000\040\000n\000e\000c\000e\000s\000i\000t\000a\000\040\000n\000\372\000m\000e\000r\000o\000s}{}% 2
\BOOKMARK [1][-]{section.1.1}{\376\377\000L\000a\000\040\000g\000e\000s\000t\000i\000\363\000n\000\040\000e\000s\000\040\000d\000e\000c\000i\000d\000i\000r\000\040\000c\000o\000n\000\040\000i\000n\000f\000o\000r\000m\000a\000c\000i\000\363\000n}{chapter.1}% 3
\BOOKMARK [1][-]{section.1.2}{\376\377\000Q\000u\000\351\000\040\000v\000a\000s\000\040\000a\000\040\000e\000n\000c\000o\000n\000t\000r\000a\000r\000\040\000e\000n\000\040\000e\000s\000t\000e\000\040\000m\000a\000t\000e\000r\000i\000a\000l}{chapter.1}% 4
\BOOKMARK [1][-]{section.1.3}{\376\377\000U\000n\000a\000\040\000a\000c\000l\000a\000r\000a\000c\000i\000\363\000n\000\040\000s\000o\000b\000r\000e\000\040\000l\000o\000s\000\040\000p\000r\000e\000r\000r\000e\000q\000u\000i\000s\000i\000t\000o\000s}{chapter.1}% 5
\BOOKMARK [1][-]{section.1.4}{\376\377\000C\000\363\000m\000o\000\040\000l\000e\000e\000r\000\040\000l\000a\000s\000\040\000f\000\363\000r\000m\000u\000l\000a\000s\000\040\000s\000i\000n\000\040\000a\000s\000u\000s\000t\000a\000r\000s\000e}{chapter.1}% 6
\BOOKMARK [0][-]{chapter.2}{\376\377\000D\000a\000t\000o\000s\000,\000\040\000v\000a\000r\000i\000a\000b\000l\000e\000s\000\040\000y\000\040\000v\000i\000s\000u\000a\000l\000i\000z\000a\000c\000i\000\363\000n}{}% 7
\BOOKMARK [1][-]{section.2.1}{\376\377\000A\000n\000t\000e\000s\000\040\000d\000e\000\040\000l\000a\000\040\000t\000e\000o\000r\000\355\000a\000:\000\040\000l\000o\000s\000\040\000d\000a\000t\000o\000s}{chapter.2}% 8
\BOOKMARK [1][-]{section.2.2}{\376\377\000L\000a\000\040\000e\000s\000t\000r\000u\000c\000t\000u\000r\000a\000\040\000d\000e\000\040\000u\000n\000\040\000c\000o\000n\000j\000u\000n\000t\000o\000\040\000d\000e\000\040\000d\000a\000t\000o\000s}{chapter.2}% 9
\BOOKMARK [1][-]{section.2.3}{\376\377\000T\000i\000p\000o\000s\000\040\000d\000e\000\040\000v\000a\000r\000i\000a\000b\000l\000e\000s}{chapter.2}% 10
\BOOKMARK [1][-]{section.2.4}{\376\377\000C\000a\000l\000i\000d\000a\000d\000\040\000d\000e\000\040\000l\000o\000s\000\040\000d\000a\000t\000o\000s\000:\000\040\000f\000a\000l\000t\000a\000n\000t\000e\000s\000\040\000y\000\040\000l\000i\000m\000p\000i\000e\000z\000a}{chapter.2}% 11
\BOOKMARK [1][-]{section.2.5}{\376\377\000M\000e\000d\000i\000d\000a\000s\000\040\000d\000e\000\040\000r\000e\000s\000u\000m\000e\000n}{chapter.2}% 12
\BOOKMARK [1][-]{section.2.6}{\376\377\000V\000i\000s\000u\000a\000l\000i\000z\000a\000c\000i\000\363\000n\000:\000\040\000m\000o\000s\000t\000r\000a\000r\000\040\000p\000a\000r\000a\000\040\000e\000n\000t\000e\000n\000d\000e\000r}{chapter.2}% 13
\BOOKMARK [1][-]{section.2.7}{\376\377\000S\000\355\000n\000t\000e\000s\000i\000s\000\040\000d\000e\000l\000\040\000c\000a\000p\000\355\000t\000u\000l\000o}{chapter.2}% 14
\BOOKMARK [0][-]{chapter.3}{\376\377\000F\000u\000n\000c\000i\000o\000n\000e\000s\000\040\000e\000c\000o\000n\000\363\000m\000i\000c\000a\000s\000\040\000f\000u\000n\000d\000a\000m\000e\000n\000t\000a\000l\000e\000s}{}% 15
\BOOKMARK [1][-]{section.3.1}{\376\377\000L\000a\000\040\000i\000d\000e\000a\000\040\000d\000e\000\040\000f\000u\000n\000c\000i\000\363\000n\000\040\000c\000o\000m\000o\000\040\000r\000e\000l\000a\000c\000i\000\363\000n\000\040\000d\000e\000\040\000d\000e\000p\000e\000n\000d\000e\000n\000c\000i\000a}{chapter.3}% 16
\BOOKMARK [1][-]{section.3.2}{\376\377\000L\000a\000\040\000f\000u\000n\000c\000i\000\363\000n\000\040\000d\000e\000\040\000d\000e\000m\000a\000n\000d\000a}{chapter.3}% 17
\BOOKMARK [1][-]{section.3.3}{\376\377\000L\000a\000\040\000f\000u\000n\000c\000i\000\363\000n\000\040\000d\000e\000\040\000o\000f\000e\000r\000t\000a}{chapter.3}% 18
\BOOKMARK [1][-]{section.3.4}{\376\377\000C\000o\000s\000t\000o\000s\000:\000\040\000l\000a\000\040\000e\000s\000t\000r\000u\000c\000t\000u\000r\000a\000\040\000p\000r\000o\000d\000u\000c\000t\000i\000v\000a}{chapter.3}% 19
\BOOKMARK [1][-]{section.3.5}{\376\377\000I\000n\000g\000r\000e\000s\000o\000\040\000y\000\040\000b\000e\000n\000e\000f\000i\000c\000i\000o}{chapter.3}% 20
\BOOKMARK [1][-]{section.3.6}{\376\377\000S\000\355\000n\000t\000e\000s\000i\000s\000\040\000d\000e\000l\000\040\000c\000a\000p\000\355\000t\000u\000l\000o}{chapter.3}% 21
\BOOKMARK [0][-]{chapter.4}{\376\377\000E\000q\000u\000i\000l\000i\000b\000r\000i\000o\000\040\000d\000e\000\040\000m\000e\000r\000c\000a\000d\000o\000\040\000y\000\040\000s\000i\000s\000t\000e\000m\000a\000s\000\040\000d\000e\000\040\000e\000c\000u\000a\000c\000i\000o\000n\000e\000s}{}% 22
\BOOKMARK [1][-]{section.4.1}{\376\377\000E\000l\000\040\000m\000e\000r\000c\000a\000d\000o\000\040\000c\000o\000m\000o\000\040\000e\000n\000c\000u\000e\000n\000t\000r\000o\000\040\000d\000e\000\040\000d\000o\000s\000\040\000f\000u\000e\000r\000z\000a\000s}{chapter.4}% 23
\BOOKMARK [1][-]{section.4.2}{\376\377\000R\000e\000s\000o\000l\000v\000e\000r\000\040\000e\000l\000\040\000e\000q\000u\000i\000l\000i\000b\000r\000i\000o\000:\000\040\000u\000n\000\040\000s\000i\000s\000t\000e\000m\000a\000\040\000d\000e\000\040\000d\000o\000s\000\040\000e\000c\000u\000a\000c\000i\000o\000n\000e\000s}{chapter.4}% 24
\BOOKMARK [1][-]{section.4.3}{\376\377\000E\000s\000t\000\341\000t\000i\000c\000a\000\040\000c\000o\000m\000p\000a\000r\000a\000t\000i\000v\000a\000:\000\040\000\277\000q\000u\000\351\000\040\000p\000a\000s\000a\000\040\000s\000i\000\040\000a\000l\000g\000o\000\040\000c\000a\000m\000b\000i\000a\000?}{chapter.4}% 25
\BOOKMARK [1][-]{section.4.4}{\376\377\000S\000\355\000n\000t\000e\000s\000i\000s\000\040\000d\000e\000l\000\040\000c\000a\000p\000\355\000t\000u\000l\000o}{chapter.4}% 26
\BOOKMARK [0][-]{chapter.5}{\376\377\000E\000l\000\040\000m\000o\000d\000e\000l\000o\000\040\000i\000n\000s\000u\000m\000o\000-\000p\000r\000o\000d\000u\000c\000t\000o\000\040\000d\000e\000\040\000L\000e\000o\000n\000t\000i\000e\000f}{}% 27
\BOOKMARK [1][-]{section.5.1}{\376\377\000U\000n\000a\000\040\000e\000c\000o\000n\000o\000m\000\355\000a\000\040\000e\000s\000\040\000u\000n\000a\000\040\000r\000e\000d\000\040\000d\000e\000\040\000s\000e\000c\000t\000o\000r\000e\000s}{chapter.5}% 28
\BOOKMARK [1][-]{section.5.2}{\376\377\000L\000a\000\040\000m\000a\000t\000r\000i\000z\000\040\000d\000e\000\040\000c\000o\000e\000f\000i\000c\000i\000e\000n\000t\000e\000s\000\040\000t\000\351\000c\000n\000i\000c\000o\000s}{chapter.5}% 29
\BOOKMARK [1][-]{section.5.3}{\376\377\000L\000a\000\040\000s\000o\000l\000u\000c\000i\000\363\000n\000\040\000d\000e\000\040\000L\000e\000o\000n\000t\000i\000e\000f}{chapter.5}% 30
\BOOKMARK [1][-]{section.5.4}{\376\377\000U\000n\000a\000\040\000n\000o\000t\000a\000\040\000s\000o\000b\000r\000e\000\040\000e\000l\000\040\000s\000o\000l\000a\000p\000a\000m\000i\000e\000n\000t\000o\000\040\000c\000o\000n\000\040\000\301\000l\000g\000e\000b\000r\000a}{chapter.5}% 31
\BOOKMARK [1][-]{section.5.5}{\376\377\000S\000\355\000n\000t\000e\000s\000i\000s\000\040\000d\000e\000l\000\040\000c\000a\000p\000\355\000t\000u\000l\000o}{chapter.5}% 32
\BOOKMARK [0][-]{chapter.6}{\376\377\000A\000n\000\341\000l\000i\000s\000i\000s\000\040\000m\000a\000r\000g\000i\000n\000a\000l\000\040\000y\000\040\000d\000e\000r\000i\000v\000a\000d\000a\000s}{}% 33
\BOOKMARK [1][-]{section.6.1}{\376\377\000P\000e\000n\000s\000a\000r\000\040\000\253\000e\000n\000\040\000e\000l\000\040\000m\000a\000r\000g\000e\000n\000\273}{chapter.6}% 34
\BOOKMARK [1][-]{section.6.2}{\376\377\000L\000a\000\040\000d\000e\000r\000i\000v\000a\000d\000a\000\040\000c\000o\000m\000o\000\040\000t\000a\000s\000a\000\040\000d\000e\000\040\000c\000a\000m\000b\000i\000o}{chapter.6}% 35
\BOOKMARK [1][-]{section.6.3}{\376\377\000C\000o\000s\000t\000o\000,\000\040\000i\000n\000g\000r\000e\000s\000o\000\040\000y\000\040\000b\000e\000n\000e\000f\000i\000c\000i\000o\000\040\000m\000a\000r\000g\000i\000n\000a\000l\000e\000s}{chapter.6}% 36
\BOOKMARK [1][-]{section.6.4}{\376\377\000L\000a\000\040\000r\000e\000l\000a\000c\000i\000\363\000n\000\040\000e\000n\000t\000r\000e\000\040\000l\000o\000\040\000m\000a\000r\000g\000i\000n\000a\000l\000\040\000y\000\040\000l\000o\000\040\000m\000e\000d\000i\000o}{chapter.6}% 37
\BOOKMARK [1][-]{section.6.5}{\376\377\000S\000\355\000n\000t\000e\000s\000i\000s\000\040\000d\000e\000l\000\040\000c\000a\000p\000\355\000t\000u\000l\000o}{chapter.6}% 38
\BOOKMARK [0][-]{chapter.7}{\376\377\000E\000l\000a\000s\000t\000i\000c\000i\000d\000a\000d\000e\000s\000:\000\040\000m\000e\000d\000i\000r\000\040\000l\000a\000\040\000s\000e\000n\000s\000i\000b\000i\000l\000i\000d\000a\000d}{}% 39
\BOOKMARK [1][-]{section.7.1}{\376\377\000E\000l\000\040\000p\000r\000o\000b\000l\000e\000m\000a\000\040\000d\000e\000\040\000l\000a\000s\000\040\000u\000n\000i\000d\000a\000d\000e\000s}{chapter.7}% 40
\BOOKMARK [1][-]{section.7.2}{\376\377\000E\000l\000a\000s\000t\000i\000c\000i\000d\000a\000d\000\040\000p\000r\000e\000c\000i\000o\000\040\000d\000e\000\040\000l\000a\000\040\000d\000e\000m\000a\000n\000d\000a}{chapter.7}% 41
\BOOKMARK [1][-]{section.7.3}{\376\377\000E\000l\000a\000s\000t\000i\000c\000i\000d\000a\000d\000\040\000e\000\040\000i\000n\000g\000r\000e\000s\000o\000\040\000t\000o\000t\000a\000l\000:\000\040\000l\000a\000\040\000r\000e\000g\000l\000a\000\040\000q\000u\000e\000\040\000t\000o\000d\000o\000\040\000g\000e\000r\000e\000n\000t\000e\000\040\000d\000e\000b\000e\000r\000\355\000a\000\040\000s\000a\000b\000e\000r}{chapter.7}% 42
\BOOKMARK [1][-]{section.7.4}{\376\377\000O\000t\000r\000a\000s\000\040\000e\000l\000a\000s\000t\000i\000c\000i\000d\000a\000d\000e\000s}{chapter.7}% 43
\BOOKMARK [1][-]{section.7.5}{\376\377\000S\000\355\000n\000t\000e\000s\000i\000s\000\040\000d\000e\000l\000\040\000c\000a\000p\000\355\000t\000u\000l\000o}{chapter.7}% 44
\BOOKMARK [0][-]{chapter.8}{\376\377\000I\000n\000t\000e\000g\000r\000a\000l\000e\000s\000\040\000y\000\040\000e\000x\000c\000e\000d\000e\000n\000t\000e\000s\000\040\000e\000c\000o\000n\000\363\000m\000i\000c\000o\000s}{}% 45
\BOOKMARK [1][-]{section.8.1}{\376\377\000L\000a\000\040\000o\000p\000e\000r\000a\000c\000i\000\363\000n\000\040\000i\000n\000v\000e\000r\000s\000a\000\040\000d\000e\000\040\000l\000a\000\040\000d\000e\000r\000i\000v\000a\000d\000a}{chapter.8}% 46
\BOOKMARK [1][-]{section.8.2}{\376\377\000R\000e\000c\000u\000p\000e\000r\000a\000r\000\040\000t\000o\000t\000a\000l\000e\000s\000\040\000a\000\040\000p\000a\000r\000t\000i\000r\000\040\000d\000e\000\040\000m\000a\000r\000g\000i\000n\000a\000l\000e\000s}{chapter.8}% 47
\BOOKMARK [1][-]{section.8.3}{\376\377\000E\000l\000\040\000e\000x\000c\000e\000d\000e\000n\000t\000e\000\040\000d\000e\000l\000\040\000c\000o\000n\000s\000u\000m\000i\000d\000o\000r}{chapter.8}% 48
\BOOKMARK [1][-]{section.8.4}{\376\377\000E\000l\000\040\000e\000x\000c\000e\000d\000e\000n\000t\000e\000\040\000d\000e\000l\000\040\000p\000r\000o\000d\000u\000c\000t\000o\000r}{chapter.8}% 49
\BOOKMARK [1][-]{section.8.5}{\376\377\000S\000\355\000n\000t\000e\000s\000i\000s\000\040\000d\000e\000l\000\040\000c\000a\000p\000\355\000t\000u\000l\000o}{chapter.8}% 50
\BOOKMARK [0][-]{chapter.9}{\376\377\000O\000p\000t\000i\000m\000i\000z\000a\000c\000i\000\363\000n\000\040\000e\000c\000o\000n\000\363\000m\000i\000c\000a}{}% 51
\BOOKMARK [1][-]{section.9.1}{\376\377\000D\000e\000c\000i\000d\000i\000r\000\040\000e\000s\000\040\000o\000p\000t\000i\000m\000i\000z\000a\000r}{chapter.9}% 52
\BOOKMARK [1][-]{section.9.2}{\376\377\000O\000p\000t\000i\000m\000i\000z\000a\000c\000i\000\363\000n\000\040\000l\000i\000b\000r\000e\000:\000\040\000e\000l\000\040\000m\000\341\000x\000i\000m\000o\000\040\000b\000e\000n\000e\000f\000i\000c\000i\000o}{chapter.9}% 53
\BOOKMARK [1][-]{section.9.3}{\376\377\000O\000p\000t\000i\000m\000i\000z\000a\000c\000i\000\363\000n\000\040\000c\000o\000n\000\040\000r\000e\000s\000t\000r\000i\000c\000c\000i\000o\000n\000e\000s\000:\000\040\000c\000u\000a\000n\000d\000o\000\040\000l\000o\000s\000\040\000r\000e\000c\000u\000r\000s\000o\000s\000\040\000s\000o\000n\000\040\000e\000s\000c\000a\000s\000o\000s}{chapter.9}% 54
\BOOKMARK [1][-]{section.9.4}{\376\377\000S\000\355\000n\000t\000e\000s\000i\000s\000\040\000d\000e\000l\000\040\000c\000a\000p\000\355\000t\000u\000l\000o}{chapter.9}% 55
\BOOKMARK [0][-]{chapter.10}{\376\377\000C\000o\000m\000p\000e\000t\000e\000n\000c\000i\000a\000\040\000i\000m\000p\000e\000r\000f\000e\000c\000t\000a\000:\000\040\000e\000l\000\040\000d\000u\000o\000p\000o\000l\000i\000o\000\040\000d\000e\000\040\000C\000o\000u\000r\000n\000o\000t}{}% 56
\BOOKMARK [1][-]{section.10.1}{\376\377\000E\000n\000t\000r\000e\000\040\000e\000l\000\040\000m\000o\000n\000o\000p\000o\000l\000i\000o\000\040\000y\000\040\000l\000a\000\040\000c\000o\000m\000p\000e\000t\000e\000n\000c\000i\000a}{chapter.10}% 57
\BOOKMARK [1][-]{section.10.2}{\376\377\000E\000l\000\040\000p\000r\000o\000b\000l\000e\000m\000a\000\040\000d\000e\000\040\000c\000a\000d\000a\000\040\000e\000m\000p\000r\000e\000s\000a}{chapter.10}% 58
\BOOKMARK [1][-]{section.10.3}{\376\377\000L\000a\000\040\000f\000u\000n\000c\000i\000\363\000n\000\040\000d\000e\000\040\000m\000e\000j\000o\000r\000\040\000r\000e\000s\000p\000u\000e\000s\000t\000a}{chapter.10}% 59
\BOOKMARK [1][-]{section.10.4}{\376\377\000E\000l\000\040\000e\000q\000u\000i\000l\000i\000b\000r\000i\000o\000\040\000d\000e\000\040\000N\000a\000s\000h\000-\000C\000o\000u\000r\000n\000o\000t}{chapter.10}% 60
\BOOKMARK [1][-]{section.10.5}{\376\377\000C\000o\000m\000p\000a\000r\000a\000c\000i\000\363\000n\000:\000\040\000\277\000c\000u\000\341\000n\000t\000o\000\040\000i\000m\000p\000o\000r\000t\000a\000\040\000l\000a\000\040\000e\000s\000t\000r\000u\000c\000t\000u\000r\000a\000\040\000d\000e\000l\000\040\000m\000e\000r\000c\000a\000d\000o\000?}{chapter.10}% 61
\BOOKMARK [1][-]{section.10.6}{\376\377\000S\000\355\000n\000t\000e\000s\000i\000s\000\040\000d\000e\000l\000\040\000c\000a\000p\000\355\000t\000u\000l\000o}{chapter.10}% 62
\BOOKMARK [0][-]{chapter.11}{\376\377\000E\000v\000a\000l\000u\000a\000c\000i\000\363\000n\000\040\000d\000e\000\040\000p\000r\000o\000y\000e\000c\000t\000o\000s\000\040\000d\000e\000\040\000i\000n\000v\000e\000r\000s\000i\000\363\000n}{}% 63
\BOOKMARK [1][-]{section.11.1}{\376\377\000P\000l\000a\000t\000a\000\040\000h\000o\000y\000\040\000n\000o\000\040\000e\000s\000\040\000p\000l\000a\000t\000a\000\040\000m\000a\000\361\000a\000n\000a}{chapter.11}% 64
\BOOKMARK [1][-]{section.11.2}{\376\377\000D\000e\000s\000c\000o\000n\000t\000a\000r\000:\000\040\000t\000r\000a\000e\000r\000\040\000e\000l\000\040\000f\000u\000t\000u\000r\000o\000\040\000a\000l\000\040\000p\000r\000e\000s\000e\000n\000t\000e}{chapter.11}% 65
\BOOKMARK [1][-]{section.11.3}{\376\377\000E\000l\000\040\000V\000a\000l\000o\000r\000\040\000A\000c\000t\000u\000a\000l\000\040\000N\000e\000t\000o\000\040\000\050\000V\000A\000N\000\051}{chapter.11}% 66
\BOOKMARK [1][-]{section.11.4}{\376\377\000L\000a\000\040\000T\000a\000s\000a\000\040\000I\000n\000t\000e\000r\000n\000a\000\040\000d\000e\000\040\000R\000e\000t\000o\000r\000n\000o\000\040\000\050\000T\000I\000R\000\051}{chapter.11}% 67
\BOOKMARK [1][-]{section.11.5}{\376\377\000R\000e\000f\000i\000n\000a\000m\000i\000e\000n\000t\000o\000s\000:\000\040\000T\000I\000R\000M\000\040\000y\000\040\000p\000e\000r\000\355\000o\000d\000o\000\040\000d\000e\000\040\000r\000e\000c\000u\000p\000e\000r\000o}{chapter.11}% 68
\BOOKMARK [1][-]{section.11.6}{\376\377\000L\000a\000\040\000i\000n\000v\000e\000r\000s\000i\000\363\000n\000,\000\040\000e\000n\000\040\000e\000l\000\040\000c\000o\000n\000t\000e\000x\000t\000o\000\040\000m\000a\000c\000r\000o}{chapter.11}% 69
\BOOKMARK [1][-]{section.11.7}{\376\377\000S\000\355\000n\000t\000e\000s\000i\000s\000\040\000d\000e\000l\000\040\000c\000a\000p\000\355\000t\000u\000l\000o}{chapter.11}% 70
\BOOKMARK [0][-]{chapter.12}{\376\377\000C\000i\000e\000r\000r\000e\000:\000\040\000d\000e\000\040\000l\000a\000\040\000t\000e\000o\000r\000\355\000a\000\040\000a\000l\000\040\000c\000\363\000d\000i\000g\000o}{}% 71
\BOOKMARK [1][-]{section.12.1}{\376\377\000U\000n\000\040\000m\000a\000p\000a\000\040\000d\000e\000\040\000t\000o\000d\000o\000\040\000l\000o\000\040\000r\000e\000c\000o\000r\000r\000i\000d\000o}{chapter.12}% 72
\BOOKMARK [1][-]{section.12.2}{\376\377\000Q\000u\000\351\000\040\000a\000p\000o\000r\000t\000a\000\040\000c\000a\000d\000a\000\040\000m\000i\000t\000a\000d}{chapter.12}% 73
\BOOKMARK [1][-]{section.12.3}{\376\377\000P\000a\000r\000a\000\040\000s\000e\000g\000u\000i\000r}{chapter.12}% 74
\BOOKMARK [0][-]{appendix.Alph1}{\376\377\000F\000o\000r\000m\000u\000l\000a\000r\000i\000o}{}% 75
\BOOKMARK [0][-]{appendix.Alph2}{\376\377\000G\000l\000o\000s\000a\000r\000i\000o\000\040\000d\000e\000\040\000t\000\351\000r\000m\000i\000n\000o\000s}{}% 76
\BOOKMARK [0][-]{appendix*.16}{\376\377\000B\000i\000b\000l\000i\000o\000g\000r\000a\000f\000\355\000a}{}% 77
